// Jest Snapshot v1, https://goo.gl/fbAQLP

exports[`ebay-textbox rendering renders with icon story correctly 1`] = `
<svg
  aria-hidden="true"
  class="icon icon--16"
  focusable="false"
  xmlns="http://www.w3.org/2000/svg"
>
  <use
    xlink:href="#icon-mail-16"
  />
</svg>
`;

exports[`ebay-textbox rendering renders with pre/post fix text correctly 1`] = `
<div>
  <div>
    <p>
      <span
        class="textbox"
      >
        <span
          id="prefix"
        >
          $
        </span>
        <input
          aria-describedby="prefix"
          class="textbox__control"
          placeholder="0.00"
          type="text"
          value=""
        />
      </span>
    </p>
    <p>
      <span
        class="textbox"
      >
        <input
          aria-describedby="postfix"
          class="textbox__control"
          placeholder="0"
          type="text"
          value=""
        />
        <span
          id="postfix"
        >
          in.
        </span>
      </span>
    </p>
  </div>
</div>
`;
