// Jest Snapshot v1, https://goo.gl/fbAQLP

exports[`Storyshots ebay-tooltip Anchor host 1`] = `
<DocumentFragment>
  <div
    style="width: 100%; text-align: center; margin-top: 100px;"
  >
    <span
      class="tooltip"
    >
      <a
        aria-expanded="false"
        class="tooltip__host"
        href="https://www.ebay.com"
      >
        View options
      </a>
      <span
        class="tooltip__overlay"
        role="tooltip"
        style="transform: translateX(-50%); left: 50%;"
      >
        <span
          class="tooltip__pointer tooltip__pointer--bottom"
        />
        <span
          class="tooltip__mask"
        >
          <span
            class="tooltip__cell"
          >
            <span
              class="tooltip__content"
            >
              <p>
                Use Access Key 'S' to display settings.
              </p>
            </span>
          </span>
        </span>
      </span>
    </span>
  </div>
</DocumentFragment>
`;

exports[`Storyshots ebay-tooltip Default tooltip 1`] = `
<DocumentFragment>
  <div
    style="width: 100%; text-align: center; margin-top: 100px;"
  >
    <span
      class="tooltip"
    >
      <button
        aria-expanded="false"
        class="btn tooltip__host btn--secondary"
      >
        Info
      </button>
      <span
        class="tooltip__overlay"
        role="tooltip"
        style="transform: translateX(-50%); left: 50%;"
      >
        <span
          class="tooltip__pointer tooltip__pointer--bottom"
        />
        <span
          class="tooltip__mask"
        >
          <span
            class="tooltip__cell"
          >
            <span
              class="tooltip__content"
            >
              <p>
                Content
              </p>
            </span>
          </span>
        </span>
      </span>
    </span>
  </div>
</DocumentFragment>
`;

exports[`Storyshots ebay-tooltip No hover 1`] = `
<DocumentFragment>
  <div
    style="width: 100%; text-align: center; margin-top: 100px;"
  >
    <span
      class="tooltip"
    >
      <span
        class="textbox"
      >
        <input
          aria-expanded="false"
          class="textbox__control"
          placeholder="Email address"
          type="text"
          value=""
        />
      </span>
      <span
        class="tooltip__overlay"
        role="tooltip"
        style="transform: translateX(-50%); left: 50%;"
      >
        <span
          class="tooltip__pointer tooltip__pointer--bottom"
        />
        <span
          class="tooltip__mask"
        >
          <span
            class="tooltip__cell"
          >
            <span
              class="tooltip__content"
            >
              <p>
                Use Access Key 'S' to display settings.
              </p>
            </span>
          </span>
        </span>
      </span>
    </span>
  </div>
</DocumentFragment>
`;

exports[`Storyshots ebay-tooltip Pointer direction 1`] = `
<DocumentFragment>
  <div>
    <div
      style="margin: 100px 0px; width: 100%; text-align: center;"
    >
      <span
        class="tooltip"
      >
        <a
          aria-expanded="false"
          class="tooltip__host"
          href="https://www.ebay.com"
        >
          top
        </a>
        <span
          class="tooltip__overlay"
          role="tooltip"
          style="transform: translateX(-50%); left: 50%;"
        >
          <span
            class="tooltip__pointer tooltip__pointer--top"
          />
          <span
            class="tooltip__mask"
          >
            <span
              class="tooltip__cell"
            >
              <span
                class="tooltip__content"
              >
                <p>
                  Use Access Key 'S' to display settings.
                </p>
              </span>
            </span>
          </span>
        </span>
      </span>
    </div>
    <div
      style="margin: 100px 0px; width: 100%; text-align: center;"
    >
      <span
        class="tooltip"
      >
        <a
          aria-expanded="false"
          class="tooltip__host"
          href="https://www.ebay.com"
        >
          top-left
        </a>
        <span
          class="tooltip__overlay"
          role="tooltip"
        >
          <span
            class="tooltip__pointer tooltip__pointer--top-left"
          />
          <span
            class="tooltip__mask"
          >
            <span
              class="tooltip__cell"
            >
              <span
                class="tooltip__content"
              >
                <p>
                  Use Access Key 'S' to display settings.
                </p>
              </span>
            </span>
          </span>
        </span>
      </span>
    </div>
    <div
      style="margin: 100px 0px; width: 100%; text-align: center;"
    >
      <span
        class="tooltip"
      >
        <a
          aria-expanded="false"
          class="tooltip__host"
          href="https://www.ebay.com"
        >
          top-right
        </a>
        <span
          class="tooltip__overlay"
          role="tooltip"
          style="right: -7px;"
        >
          <span
            class="tooltip__pointer tooltip__pointer--top-right"
          />
          <span
            class="tooltip__mask"
          >
            <span
              class="tooltip__cell"
            >
              <span
                class="tooltip__content"
              >
                <p>
                  Use Access Key 'S' to display settings.
                </p>
              </span>
            </span>
          </span>
        </span>
      </span>
    </div>
    <div
      style="margin: 100px 0px; width: 100%; text-align: center;"
    >
      <span
        class="tooltip"
      >
        <a
          aria-expanded="false"
          class="tooltip__host"
          href="https://www.ebay.com"
        >
          right
        </a>
        <span
          class="tooltip__overlay"
          role="tooltip"
          style="transform: translateX(-16px) translateY(-50%); right: 100%; top: -4px;"
        >
          <span
            class="tooltip__pointer tooltip__pointer--right"
          />
          <span
            class="tooltip__mask"
          >
            <span
              class="tooltip__cell"
            >
              <span
                class="tooltip__content"
              >
                <p>
                  Use Access Key 'S' to display settings.
                </p>
              </span>
            </span>
          </span>
        </span>
      </span>
    </div>
    <div
      style="margin: 100px 0px; width: 100%; text-align: center;"
    >
      <span
        class="tooltip"
      >
        <a
          aria-expanded="false"
          class="tooltip__host"
          href="https://www.ebay.com"
        >
          right-bottom
        </a>
        <span
          class="tooltip__overlay"
          role="tooltip"
          style="transform: translateX(-16px); right: 100%; bottom: -50%;"
        >
          <span
            class="tooltip__pointer tooltip__pointer--right-bottom"
          />
          <span
            class="tooltip__mask"
          >
            <span
              class="tooltip__cell"
            >
              <span
                class="tooltip__content"
              >
                <p>
                  Use Access Key 'S' to display settings.
                </p>
              </span>
            </span>
          </span>
        </span>
      </span>
    </div>
    <div
      style="margin: 100px 0px; width: 100%; text-align: center;"
    >
      <span
        class="tooltip"
      >
        <a
          aria-expanded="false"
          class="tooltip__host"
          href="https://www.ebay.com"
        >
          right-top
        </a>
        <span
          class="tooltip__overlay"
          role="tooltip"
          style="transform: translateX(-16px); right: 100%; top: -100%;"
        >
          <span
            class="tooltip__pointer tooltip__pointer--right-top"
          />
          <span
            class="tooltip__mask"
          >
            <span
              class="tooltip__cell"
            >
              <span
                class="tooltip__content"
              >
                <p>
                  Use Access Key 'S' to display settings.
                </p>
              </span>
            </span>
          </span>
        </span>
      </span>
    </div>
    <div
      style="margin: 100px 0px; width: 100%; text-align: center;"
    >
      <span
        class="tooltip"
      >
        <a
          aria-expanded="false"
          class="tooltip__host"
          href="https://www.ebay.com"
        >
          bottom
        </a>
        <span
          class="tooltip__overlay"
          role="tooltip"
          style="transform: translateX(-50%); left: 50%;"
        >
          <span
            class="tooltip__pointer tooltip__pointer--bottom"
          />
          <span
            class="tooltip__mask"
          >
            <span
              class="tooltip__cell"
            >
              <span
                class="tooltip__content"
              >
                <p>
                  Use Access Key 'S' to display settings.
                </p>
              </span>
            </span>
          </span>
        </span>
      </span>
    </div>
    <div
      style="margin: 100px 0px; width: 100%; text-align: center;"
    >
      <span
        class="tooltip"
      >
        <a
          aria-expanded="false"
          class="tooltip__host"
          href="https://www.ebay.com"
        >
          bottom-left
        </a>
        <span
          class="tooltip__overlay"
          role="tooltip"
          style="left: -7px;"
        >
          <span
            class="tooltip__pointer tooltip__pointer--bottom-left"
          />
          <span
            class="tooltip__mask"
          >
            <span
              class="tooltip__cell"
            >
              <span
                class="tooltip__content"
              >
                <p>
                  Use Access Key 'S' to display settings.
                </p>
              </span>
            </span>
          </span>
        </span>
      </span>
    </div>
    <div
      style="margin: 100px 0px; width: 100%; text-align: center;"
    >
      <span
        class="tooltip"
      >
        <a
          aria-expanded="false"
          class="tooltip__host"
          href="https://www.ebay.com"
        >
          bottom-right
        </a>
        <span
          class="tooltip__overlay"
          role="tooltip"
          style="right: -7px;"
        >
          <span
            class="tooltip__pointer tooltip__pointer--bottom-right"
          />
          <span
            class="tooltip__mask"
          >
            <span
              class="tooltip__cell"
            >
              <span
                class="tooltip__content"
              >
                <p>
                  Use Access Key 'S' to display settings.
                </p>
              </span>
            </span>
          </span>
        </span>
      </span>
    </div>
    <div
      style="margin: 100px 0px; width: 100%; text-align: center;"
    >
      <span
        class="tooltip"
      >
        <a
          aria-expanded="false"
          class="tooltip__host"
          href="https://www.ebay.com"
        >
          left
        </a>
        <span
          class="tooltip__overlay"
          role="tooltip"
          style="transform: translateX(16px) translateY(-50%); left: 100%; top: -5px;"
        >
          <span
            class="tooltip__pointer tooltip__pointer--left"
          />
          <span
            class="tooltip__mask"
          >
            <span
              class="tooltip__cell"
            >
              <span
                class="tooltip__content"
              >
                <p>
                  Use Access Key 'S' to display settings.
                </p>
              </span>
            </span>
          </span>
        </span>
      </span>
    </div>
    <div
      style="margin: 100px 0px; width: 100%; text-align: center;"
    >
      <span
        class="tooltip"
      >
        <a
          aria-expanded="false"
          class="tooltip__host"
          href="https://www.ebay.com"
        >
          left-bottom
        </a>
        <span
          class="tooltip__overlay"
          role="tooltip"
          style="transform: translateX(16px); left: 100%; bottom: -7px;"
        >
          <span
            class="tooltip__pointer tooltip__pointer--left-bottom"
          />
          <span
            class="tooltip__mask"
          >
            <span
              class="tooltip__cell"
            >
              <span
                class="tooltip__content"
              >
                <p>
                  Use Access Key 'S' to display settings.
                </p>
              </span>
            </span>
          </span>
        </span>
      </span>
    </div>
    <div
      style="margin: 100px 0px; width: 100%; text-align: center;"
    >
      <span
        class="tooltip"
      >
        <a
          aria-expanded="false"
          class="tooltip__host"
          href="https://www.ebay.com"
        >
          left-top
        </a>
        <span
          class="tooltip__overlay"
          role="tooltip"
          style="transform: translateX(16px); left: 100%; top: -100%;"
        >
          <span
            class="tooltip__pointer tooltip__pointer--left-top"
          />
          <span
            class="tooltip__mask"
          >
            <span
              class="tooltip__cell"
            >
              <span
                class="tooltip__content"
              >
                <p>
                  Use Access Key 'S' to display settings.
                </p>
              </span>
            </span>
          </span>
        </span>
      </span>
    </div>
  </div>
</DocumentFragment>
`;

exports[`Storyshots ebay-tooltip Pointer with custom location 1`] = `
<DocumentFragment>
  <div
    style="width: 100%; text-align: center; margin-top: 100px;"
  >
    <span
      class="tooltip"
    >
      <a
        aria-expanded="false"
        class="tooltip__host"
        href="https://www.ebay.com"
      >
        View options
      </a>
      <span
        class="tooltip__overlay"
        role="tooltip"
        style="top: 40px; left: -16px;"
      >
        <span
          class="tooltip__pointer tooltip__pointer--top-left"
        />
        <span
          class="tooltip__mask"
        >
          <span
            class="tooltip__cell"
          >
            <span
              class="tooltip__content"
            >
              <p>
                Use Access Key 'S' to display settings.
              </p>
            </span>
          </span>
        </span>
      </span>
    </span>
  </div>
</DocumentFragment>
`;
