// Jest Snapshot v1, https://goo.gl/fbAQLP

exports[`Storyshots ebay-split-button Controls 1`] = `
<DocumentFragment>
  <span
    class="split-button"
  >
    <button
      class="btn btn--secondary btn--split-start"
    >
      Save document
    </button>
    <span
      class="menu-button"
    >
      <button
        aria-controls="abc123"
        aria-expanded="false"
        aria-haspopup="true"
        class="btn menu-button__button btn--secondary btn--split-end"
      >
        <svg
          aria-hidden="true"
          class="icon icon--chevron-down-16"
          focusable="false"
          xmlns="http://www.w3.org/2000/svg"
        >
          <use
            xlink:href="#icon-chevron-down-16"
          />
        </svg>
      </button>
    </span>
  </span>
</DocumentFragment>
`;

exports[`Storyshots ebay-split-button Default 1`] = `
<DocumentFragment>
  <p>
    <span
      class="split-button"
    >
      <button
        class="btn btn--primary btn--split-start"
      >
        Save document
      </button>
      <span
        class="menu-button"
      >
        <button
          aria-controls="abc123"
          aria-expanded="false"
          aria-haspopup="true"
          aria-label="Show save options"
          class="btn menu-button__button btn--primary btn--split-end"
        >
          <svg
            aria-hidden="true"
            class="icon icon--chevron-down-16"
            focusable="false"
            xmlns="http://www.w3.org/2000/svg"
          >
            <use
              xlink:href="#icon-chevron-down-16"
            />
          </svg>
        </button>
      </span>
    </span>
  </p>
  <p>
    <span
      class="split-button"
    >
      <button
        class="btn btn--secondary btn--split-start"
      >
        Split Button Menu with Separator
      </button>
      <span
        class="menu-button"
      >
        <button
          aria-controls="abc123"
          aria-expanded="false"
          aria-haspopup="true"
          aria-label="Menu"
          class="btn menu-button__button btn--secondary btn--split-end"
        >
          <svg
            aria-hidden="true"
            class="icon icon--chevron-down-16"
            focusable="false"
            xmlns="http://www.w3.org/2000/svg"
          >
            <use
              xlink:href="#icon-chevron-down-16"
            />
          </svg>
        </button>
      </span>
    </span>
  </p>
  <p>
    <span
      class="split-button"
    >
      <button
        class="btn btn--tertiary btn--split-start"
      >
        Tertiary button menu with icons
      </button>
      <span
        class="menu-button"
      >
        <button
          aria-controls="abc123"
          aria-expanded="false"
          aria-haspopup="true"
          aria-label="Expand"
          class="btn menu-button__button btn--tertiary btn--split-end"
        >
          <svg
            aria-hidden="true"
            class="icon icon--chevron-down-16"
            focusable="false"
            xmlns="http://www.w3.org/2000/svg"
          >
            <use
              xlink:href="#icon-chevron-down-16"
            />
          </svg>
        </button>
      </span>
    </span>
  </p>
</DocumentFragment>
`;

exports[`Storyshots ebay-split-button Disabled 1`] = `
<DocumentFragment>
  <p>
    <span
      class="split-button"
    >
      <button
        class="btn btn--secondary btn--split-start"
        disabled=""
      >
        Disabled Split Button
      </button>
      <span
        class="menu-button"
      >
        <button
          aria-controls="abc123"
          aria-expanded="false"
          aria-haspopup="true"
          aria-label="Show options"
          class="btn menu-button__button btn--secondary btn--split-end"
          disabled=""
        >
          <svg
            aria-hidden="true"
            class="icon icon--chevron-down-16"
            focusable="false"
            xmlns="http://www.w3.org/2000/svg"
          >
            <use
              xlink:href="#icon-chevron-down-16"
            />
          </svg>
        </button>
      </span>
    </span>
  </p>
</DocumentFragment>
`;

exports[`Storyshots ebay-split-button Loading 1`] = `
<DocumentFragment>
  <p>
    <span
      class="split-button"
    >
      <button
        class="btn btn--secondary btn--split-start"
      >
        Load
      </button>
      <span
        class="menu-button"
      >
        <button
          aria-controls="abc123"
          aria-expanded="false"
          aria-haspopup="true"
          aria-label="Show options"
          class="btn menu-button__button btn--secondary btn--split-end"
        >
          <svg
            aria-hidden="true"
            class="icon icon--chevron-down-16"
            focusable="false"
            xmlns="http://www.w3.org/2000/svg"
          >
            <use
              xlink:href="#icon-chevron-down-16"
            />
          </svg>
        </button>
      </span>
    </span>
  </p>
</DocumentFragment>
`;

exports[`Storyshots ebay-split-button Size 1`] = `
<DocumentFragment>
  <p>
    <span
      class="split-button"
    >
      <button
        class="btn btn--primary btn--large btn--split-start"
      >
        Primary multi-select
      </button>
      <span
        class="menu-button"
      >
        <button
          aria-controls="abc123"
          aria-expanded="false"
          aria-haspopup="true"
          aria-label="Show options"
          class="btn menu-button__button btn--primary btn--large btn--split-end"
        >
          <svg
            aria-hidden="true"
            class="icon icon--chevron-down-16"
            focusable="false"
            xmlns="http://www.w3.org/2000/svg"
          >
            <use
              xlink:href="#icon-chevron-down-16"
            />
          </svg>
        </button>
      </span>
    </span>
  </p>
  <p>
    <span
      class="split-button"
    >
      <button
        class="btn btn--secondary btn--large btn--split-start"
      >
        Single-select
      </button>
      <span
        class="menu-button"
      >
        <button
          aria-controls="abc123"
          aria-expanded="false"
          aria-haspopup="true"
          aria-label="Menu"
          class="btn menu-button__button btn--secondary btn--large btn--split-end"
        >
          <svg
            aria-hidden="true"
            class="icon icon--chevron-down-16"
            focusable="false"
            xmlns="http://www.w3.org/2000/svg"
          >
            <use
              xlink:href="#icon-chevron-down-16"
            />
          </svg>
        </button>
      </span>
    </span>
  </p>
  <p>
    <span
      class="split-button"
    >
      <button
        class="btn btn--tertiary btn--large btn--split-start"
      >
        Tertiary
      </button>
      <span
        class="menu-button"
      >
        <button
          aria-controls="abc123"
          aria-expanded="false"
          aria-haspopup="true"
          aria-label="Expand"
          class="btn menu-button__button btn--tertiary btn--large btn--split-end"
        >
          <svg
            aria-hidden="true"
            class="icon icon--chevron-down-16"
            focusable="false"
            xmlns="http://www.w3.org/2000/svg"
          >
            <use
              xlink:href="#icon-chevron-down-16"
            />
          </svg>
        </button>
      </span>
    </span>
  </p>
</DocumentFragment>
`;

exports[`Storyshots ebay-split-button Transparent 1`] = `
<DocumentFragment>
  <div
    style="background: lightcyan; padding: 1em;"
  >
    <p>
      <span
        class="split-button"
      >
        <button
          class="btn btn--secondary btn--split-start btn--transparent"
        >
          Transparent split button
        </button>
        <span
          class="menu-button"
        >
          <button
            aria-controls="abc123"
            aria-expanded="false"
            aria-haspopup="true"
            aria-label="Show options"
            class="btn menu-button__button btn--secondary btn--split-end btn--transparent"
          >
            <svg
              aria-hidden="true"
              class="icon icon--chevron-down-16"
              focusable="false"
              xmlns="http://www.w3.org/2000/svg"
            >
              <use
                xlink:href="#icon-chevron-down-16"
              />
            </svg>
          </button>
        </span>
      </span>
    </p>
    <p>
      <span
        class="split-button"
      >
        <button
          class="btn btn--tertiary btn--split-start btn--transparent"
        >
          Transparent tertiary split button
        </button>
        <span
          class="menu-button"
        >
          <button
            aria-controls="abc123"
            aria-expanded="false"
            aria-haspopup="true"
            aria-label="Show options"
            class="btn menu-button__button btn--tertiary btn--split-end btn--transparent"
          >
            <svg
              aria-hidden="true"
              class="icon icon--chevron-down-16"
              focusable="false"
              xmlns="http://www.w3.org/2000/svg"
            >
              <use
                xlink:href="#icon-chevron-down-16"
              />
            </svg>
          </button>
        </span>
      </span>
    </p>
  </div>
</DocumentFragment>
`;

exports[`Storyshots ebay-split-button Truncated 1`] = `
<DocumentFragment>
  <p>
    <span
      class="split-button"
    >
      <button
        class="btn btn--primary btn--split-start btn--truncated"
        style="max-width: 200px;"
      >
        Primary Split Button with truncated text label
      </button>
      <span
        class="menu-button"
      >
        <button
          aria-controls="abc123"
          aria-expanded="false"
          aria-haspopup="true"
          aria-label="Show options"
          class="btn menu-button__button btn--primary btn--split-end"
        >
          <svg
            aria-hidden="true"
            class="icon icon--chevron-down-16"
            focusable="false"
            xmlns="http://www.w3.org/2000/svg"
          >
            <use
              xlink:href="#icon-chevron-down-16"
            />
          </svg>
        </button>
      </span>
    </span>
  </p>
  <p>
    <span
      class="split-button"
    >
      <button
        class="btn btn--secondary btn--split-start btn--truncated"
        style="max-width: 200px;"
      >
        Split Button with truncated text label
      </button>
      <span
        class="menu-button"
      >
        <button
          aria-controls="abc123"
          aria-expanded="false"
          aria-haspopup="true"
          aria-label="Menu"
          class="btn menu-button__button btn--secondary btn--split-end"
        >
          <svg
            aria-hidden="true"
            class="icon icon--chevron-down-16"
            focusable="false"
            xmlns="http://www.w3.org/2000/svg"
          >
            <use
              xlink:href="#icon-chevron-down-16"
            />
          </svg>
        </button>
      </span>
    </span>
  </p>
</DocumentFragment>
`;
