// Jest Snapshot v1, https://goo.gl/fbAQLP

exports[`ebay-split-button rendering renders split button correctly 1`] = `
<svg
  aria-hidden="true"
  class="icon icon--12"
  focusable="false"
  xmlns="http://www.w3.org/2000/svg"
>
  <use
    xlink:href="#icon-chevron-down-12"
  />
</svg>
`;

exports[`ebay-split-button rendering renders split button correctly 2`] = `
<svg
  aria-hidden="true"
  class="icon icon--12"
  focusable="false"
  xmlns="http://www.w3.org/2000/svg"
>
  <use
    xlink:href="#icon-chevron-down-12"
  />
</svg>
`;

exports[`ebay-split-button rendering renders split button correctly 3`] = `
<svg
  aria-hidden="true"
  class="icon icon--12"
  focusable="false"
  xmlns="http://www.w3.org/2000/svg"
>
  <use
    xlink:href="#icon-chevron-down-12"
  />
</svg>
`;

exports[`ebay-split-button rendering renders split button with controls correctly 1`] = `
<svg
  aria-hidden="true"
  class="icon icon--12"
  focusable="false"
  xmlns="http://www.w3.org/2000/svg"
>
  <use
    xlink:href="#icon-chevron-down-12"
  />
</svg>
`;

exports[`ebay-split-button rendering renders split button with loading state correctly 1`] = `
<svg
  aria-hidden="true"
  class="icon icon--12"
  focusable="false"
  xmlns="http://www.w3.org/2000/svg"
>
  <use
    xlink:href="#icon-chevron-down-12"
  />
</svg>
`;

exports[`ebay-split-button rendering renders split button with pre-loading state correctly 1`] = `
<svg
  aria-hidden="true"
  class="icon icon--12"
  focusable="false"
  xmlns="http://www.w3.org/2000/svg"
>
  <use
    xlink:href="#icon-chevron-down-12"
  />
</svg>
`;

exports[`ebay-split-button rendering renders split button with size correctly 1`] = `
<svg
  aria-hidden="true"
  class="icon icon--12"
  focusable="false"
  xmlns="http://www.w3.org/2000/svg"
>
  <use
    xlink:href="#icon-chevron-down-12"
  />
</svg>
`;

exports[`ebay-split-button rendering renders transparent split button correctly 1`] = `
<svg
  aria-hidden="true"
  class="icon icon--12"
  focusable="false"
  xmlns="http://www.w3.org/2000/svg"
>
  <use
    xlink:href="#icon-chevron-down-12"
  />
</svg>
`;

exports[`ebay-split-button rendering renders truncated split button correctly 1`] = `
<svg
  aria-hidden="true"
  class="icon icon--12"
  focusable="false"
  xmlns="http://www.w3.org/2000/svg"
>
  <use
    xlink:href="#icon-chevron-down-12"
  />
</svg>
`;
